Archive member included to satisfy reference by file (symbol)

C:/ST/STM32CubeIDE_1.15.1/STM32CubeIDE/plugins/com.st.stm32cube.ide.mcu.externaltools.gnu-tools-for-stm32.12.3.rel1.win32_1.0.100.202403111256/tools/bin/../lib/gcc/arm-none-eabi/12.3.1/../../../../arm-none-eabi/lib/thumb/v6-m/nofp\libc_nano.a(libc_a-exit.o)
                              C:/ST/STM32CubeIDE_1.15.1/STM32CubeIDE/plugins/com.st.stm32cube.ide.mcu.externaltools.gnu-tools-for-stm32.12.3.rel1.win32_1.0.100.202403111256/tools/bin/../lib/gcc/arm-none-eabi/12.3.1/../../../../arm-none-eabi/lib/thumb/v6-m/nofp/crt0.o (exit)
C:/ST/STM32CubeIDE_1.15.1/STM32CubeIDE/plugins/com.st.stm32cube.ide.mcu.externaltools.gnu-tools-for-stm32.12.3.rel1.win32_1.0.100.202403111256/tools/bin/../lib/gcc/arm-none-eabi/12.3.1/../../../../arm-none-eabi/lib/thumb/v6-m/nofp\libc_nano.a(libc_a-findfp.o)
                              C:/ST/STM32CubeIDE_1.15.1/STM32CubeIDE/plugins/com.st.stm32cube.ide.mcu.externaltools.gnu-tools-for-stm32.12.3.rel1.win32_1.0.100.202403111256/tools/bin/../lib/gcc/arm-none-eabi/12.3.1/../../../../arm-none-eabi/lib/thumb/v6-m/nofp\libc_nano.a(libc_a-exit.o) (__stdio_exit_handler)
C:/ST/STM32CubeIDE_1.15.1/STM32CubeIDE/plugins/com.st.stm32cube.ide.mcu.externaltools.gnu-tools-for-stm32.12.3.rel1.win32_1.0.100.202403111256/tools/bin/../lib/gcc/arm-none-eabi/12.3.1/../../../../arm-none-eabi/lib/thumb/v6-m/nofp\libc_nano.a(libc_a-fwalk.o)
                              C:/ST/STM32CubeIDE_1.15.1/STM32CubeIDE/plugins/com.st.stm32cube.ide.mcu.externaltools.gnu-tools-for-stm32.12.3.rel1.win32_1.0.100.202403111256/tools/bin/../lib/gcc/arm-none-eabi/12.3.1/../../../../arm-none-eabi/lib/thumb/v6-m/nofp\libc_nano.a(libc_a-findfp.o) (_fwalk_sglue)
C:/ST/STM32CubeIDE_1.15.1/STM32CubeIDE/plugins/com.st.stm32cube.ide.mcu.externaltools.gnu-tools-for-stm32.12.3.rel1.win32_1.0.100.202403111256/tools/bin/../lib/gcc/arm-none-eabi/12.3.1/../../../../arm-none-eabi/lib/thumb/v6-m/nofp\libc_nano.a(libc_a-stdio.o)
                              C:/ST/STM32CubeIDE_1.15.1/STM32CubeIDE/plugins/com.st.stm32cube.ide.mcu.externaltools.gnu-tools-for-stm32.12.3.rel1.win32_1.0.100.202403111256/tools/bin/../lib/gcc/arm-none-eabi/12.3.1/../../../../arm-none-eabi/lib/thumb/v6-m/nofp\libc_nano.a(libc_a-findfp.o) (__sread)
C:/ST/STM32CubeIDE_1.15.1/STM32CubeIDE/plugins/com.st.stm32cube.ide.mcu.externaltools.gnu-tools-for-stm32.12.3.rel1.win32_1.0.100.202403111256/tools/bin/../lib/gcc/arm-none-eabi/12.3.1/../../../../arm-none-eabi/lib/thumb/v6-m/nofp\libc_nano.a(libc_a-memset.o)
                              C:/ST/STM32CubeIDE_1.15.1/STM32CubeIDE/plugins/com.st.stm32cube.ide.mcu.externaltools.gnu-tools-for-stm32.12.3.rel1.win32_1.0.100.202403111256/tools/bin/../lib/gcc/arm-none-eabi/12.3.1/../../../../arm-none-eabi/lib/thumb/v6-m/nofp/crt0.o (memset)
C:/ST/STM32CubeIDE_1.15.1/STM32CubeIDE/plugins/com.st.stm32cube.ide.mcu.externaltools.gnu-tools-for-stm32.12.3.rel1.win32_1.0.100.202403111256/tools/bin/../lib/gcc/arm-none-eabi/12.3.1/../../../../arm-none-eabi/lib/thumb/v6-m/nofp\libc_nano.a(libc_a-closer.o)
                              C:/ST/STM32CubeIDE_1.15.1/STM32CubeIDE/plugins/com.st.stm32cube.ide.mcu.externaltools.gnu-tools-for-stm32.12.3.rel1.win32_1.0.100.202403111256/tools/bin/../lib/gcc/arm-none-eabi/12.3.1/../../../../arm-none-eabi/lib/thumb/v6-m/nofp\libc_nano.a(libc_a-stdio.o) (_close_r)
C:/ST/STM32CubeIDE_1.15.1/STM32CubeIDE/plugins/com.st.stm32cube.ide.mcu.externaltools.gnu-tools-for-stm32.12.3.rel1.win32_1.0.100.202403111256/tools/bin/../lib/gcc/arm-none-eabi/12.3.1/../../../../arm-none-eabi/lib/thumb/v6-m/nofp\libc_nano.a(libc_a-reent.o)
                              C:/ST/STM32CubeIDE_1.15.1/STM32CubeIDE/plugins/com.st.stm32cube.ide.mcu.externaltools.gnu-tools-for-stm32.12.3.rel1.win32_1.0.100.202403111256/tools/bin/../lib/gcc/arm-none-eabi/12.3.1/../../../../arm-none-eabi/lib/thumb/v6-m/nofp\libc_nano.a(libc_a-closer.o) (errno)
C:/ST/STM32CubeIDE_1.15.1/STM32CubeIDE/plugins/com.st.stm32cube.ide.mcu.externaltools.gnu-tools-for-stm32.12.3.rel1.win32_1.0.100.202403111256/tools/bin/../lib/gcc/arm-none-eabi/12.3.1/../../../../arm-none-eabi/lib/thumb/v6-m/nofp\libc_nano.a(libc_a-impure.o)
                              C:/ST/STM32CubeIDE_1.15.1/STM32CubeIDE/plugins/com.st.stm32cube.ide.mcu.externaltools.gnu-tools-for-stm32.12.3.rel1.win32_1.0.100.202403111256/tools/bin/../lib/gcc/arm-none-eabi/12.3.1/../../../../arm-none-eabi/lib/thumb/v6-m/nofp\libc_nano.a(libc_a-reent.o) (_impure_ptr)
C:/ST/STM32CubeIDE_1.15.1/STM32CubeIDE/plugins/com.st.stm32cube.ide.mcu.externaltools.gnu-tools-for-stm32.12.3.rel1.win32_1.0.100.202403111256/tools/bin/../lib/gcc/arm-none-eabi/12.3.1/../../../../arm-none-eabi/lib/thumb/v6-m/nofp\libc_nano.a(libc_a-lseekr.o)
[...]
Memory Configuration

Name             Origin             Length             Attributes
RAM              0x20000000         0x00001000         xrw
FLASH            0x08000000         0x00004000         xr
*default*        0x00000000         0xffffffff

Linker script and memory map

LOAD C:/ST/STM32CubeIDE_1.15.1/STM32CubeIDE/plugins/com.st.stm32cube.ide.mcu.externaltools.gnu-tools-for-stm32.12.3.rel1.win32_1.0.100.202403111256/tools/bin/../lib/gcc/arm-none-eabi/12.3.1/thumb/v6-m/nofp/crti.o
LOAD C:/ST/STM32CubeIDE_1.15.1/STM32CubeIDE/plugins/com.st.stm32cube.ide.mcu.externaltools.gnu-tools-for-stm32.12.3.rel1.win32_1.0.100.202403111256/tools/bin/../lib/gcc/arm-none-eabi/12.3.1/thumb/v6-m/nofp/crtbegin.o
LOAD C:/ST/STM32CubeIDE_1.15.1/STM32CubeIDE/plugins/com.st.stm32cube.ide.mcu.externaltools.gnu-tools-for-stm32.12.3.rel1.win32_1.0.100.202403111256/tools/bin/../lib/gcc/arm-none-eabi/12.3.1/../../../../arm-none-eabi/lib/thumb/v6-m/nofp/crt0.o
LOAD ./Core/Src/ADC_MCP3464.o
LOAD ./Core/Src/IO_Expander.o
LOAD ./Core/Src/SSD1306.o
LOAD ./Core/Src/SSD1306_fonts.o
LOAD ./Core/Src/main.o
LOAD ./Core/Src/stm32f0xx_hal_msp.o
LOAD ./Core/Src/stm32f0xx_it.o
LOAD ./Core/Src/syscalls.o
LOAD ./Core/Src/sysmem.o
LOAD ./Core/Src/system_stm32f0xx.o
LOAD ./Core/Startup/startup_stm32f030f4px.o
LOAD ./Drivers/STM32F0xx_HAL_Driver/Src/stm32f0xx_hal.o
LOAD ./Drivers/STM32F0xx_HAL_Driver/Src/stm32f0xx_hal_cortex.o
LOAD ./Drivers/STM32F0xx_HAL_Driver/Src/stm32f0xx_hal_dma.o
LOAD ./Drivers/STM32F0xx_HAL_Driver/Src/stm32f0xx_hal_exti.o
LOAD ./Drivers/STM32F0xx_HAL_Driver/Src/stm32f0xx_hal_flash.o
LOAD ./Drivers/STM32F0xx_HAL_Driver/Src/stm32f0xx_hal_flash_ex.o
LOAD ./Drivers/STM32F0xx_HAL_Driver/Src/stm32f0xx_hal_gpio.o
LOAD ./Drivers/STM32F0xx_HAL_Driver/Src/stm32f0xx_hal_i2c.o
LOAD ./Drivers/STM32F0xx_HAL_Driver/Src/stm32f0xx_hal_i2c_ex.o
LOAD ./Drivers/STM32F0xx_HAL_Driver/Src/stm32f0xx_hal_pwr.o
LOAD ./Drivers/STM32F0xx_HAL_Driver/Src/stm32f0xx_hal_pwr_ex.o
LOAD ./Drivers/STM32F0xx_HAL_Driver/Src/stm32f0xx_hal_rcc.o
LOAD ./Drivers/STM32F0xx_HAL_Driver/Src/stm32f0xx_hal_rcc_ex.o
LOAD ./Drivers/STM32F0xx_HAL_Driver/Src/stm32f0xx_hal_spi.o
LOAD ./Drivers/STM32F0xx_HAL_Driver/Src/stm32f0xx_hal_spi_ex.o
LOAD ./Drivers/STM32F0xx_HAL_Driver/Src/stm32f0xx_hal_tim.o
LOAD ./Drivers/STM32F0xx_HAL_Driver/Src/stm32f0xx_hal_tim_ex.o
LOAD ./Drivers/STM32F0xx_HAL_Driver/Src/stm32f0xx_ll_exti.o
LOAD ./Drivers/STM32F0xx_HAL_Driver/Src/stm32f0xx_ll_rcc.o
LOAD ./Drivers/STM32F0xx_HAL_Driver/Src/stm32f0xx_ll_utils.o
START GROUP
LOAD C:/ST/STM32CubeIDE_1.15.1/STM32CubeIDE/plugins/com.st.stm32cube.ide.mcu.externaltools.gnu-tools-for-stm32.12.3.rel1.win32_1.0.100.202403111256/tools/bin/../lib/gcc/arm-none-eabi/12.3.1/../../../../arm-none-eabi/lib/thumb/v6-m/nofp\libc_nano.a
LOAD C:/ST/STM32CubeIDE_1.15.1/STM32CubeIDE/plugins/com.st.stm32cube.ide.mcu.externaltools.gnu-tools-for-stm32.12.3.rel1.win32_1.0.100.202403111256/tools/bin/../lib/gcc/arm-none-eabi/12.3.1/../../../../arm-none-eabi/lib/thumb/v6-m/nofp\libm.a
END GROUP
START GROUP
LOAD C:/ST/STM32CubeIDE_1.15.1/STM32CubeIDE/plugins/com.st.stm32cube.ide.mcu.externaltools.gnu-tools-for-stm32.12.3.rel1.win32_1.0.100.202403111256/tools/bin/../lib/gcc/arm-none-eabi/12.3.1/thumb/v6-m/nofp\libgcc.a
LOAD C:/ST/STM32CubeIDE_1.15.1/STM32CubeIDE/plugins/com.st.stm32cube.ide.mcu.externaltools.gnu-tools-for-stm32.12.3.rel1.win32_1.0.100.202403111256/tools/bin/../lib/gcc/arm-none-eabi/12.3.1/../../../../arm-none-eabi/lib/thumb/v6-m/nofp\libg_nano.a
LOAD C:/ST/STM32CubeIDE_1.15.1/STM32CubeIDE/plugins/com.st.stm32cube.ide.mcu.externaltools.gnu-tools-for-stm32.12.3.rel1.win32_1.0.100.202403111256/tools/bin/../lib/gcc/arm-none-eabi/12.3.1/../../../../arm-none-eabi/lib/thumb/v6-m/nofp\libc_nano.a
END GROUP
START GROUP
LOAD C:/ST/STM32CubeIDE_1.15.1/STM32CubeIDE/plugins/com.st.stm32cube.ide.mcu.externaltools.gnu-tools-for-stm32.12.3.rel1.win32_1.0.100.202403111256/tools/bin/../lib/gcc/arm-none-eabi/12.3.1/thumb/v6-m/nofp\libgcc.a
LOAD C:/ST/STM32CubeIDE_1.15.1/STM32CubeIDE/plugins/com.st.stm32cube.ide.mcu.externaltools.gnu-tools-for-stm32.12.3.rel1.win32_1.0.100.202403111256/tools/bin/../lib/gcc/arm-none-eabi/12.3.1/../../../../arm-none-eabi/lib/thumb/v6-m/nofp\libc_nano.a
LOAD C:/ST/STM32CubeIDE_1.15.1/STM32CubeIDE/plugins/com.st.stm32cube.ide.mcu.externaltools.gnu-tools-for-stm32.12.3.rel1.win32_1.0.100.202403111256/tools/bin/../lib/gcc/arm-none-eabi/12.3.1/../../../../arm-none-eabi/lib/thumb/v6-m/nofp\libnosys.a
END GROUP
START GROUP
LOAD C:/ST/STM32CubeIDE_1.15.1/STM32CubeIDE/plugins/com.st.stm32cube.ide.mcu.externaltools.gnu-tools-for-stm32.12.3.rel1.win32_1.0.100.202403111256/tools/bin/../lib/gcc/arm-none-eabi/12.3.1/thumb/v6-m/nofp\libgcc.a
LOAD C:/ST/STM32CubeIDE_1.15.1/STM32CubeIDE/plugins/com.st.stm32cube.ide.mcu.externaltools.gnu-tools-for-stm32.12.3.rel1.win32_1.0.100.202403111256/tools/bin/../lib/gcc/arm-none-eabi/12.3.1/../../../../arm-none-eabi/lib/thumb/v6-m/nofp\libc_nano.a
LOAD C:/ST/STM32CubeIDE_1.15.1/STM32CubeIDE/plugins/com.st.stm32cube.ide.mcu.externaltools.gnu-tools-for-stm32.12.3.rel1.win32_1.0.100.202403111256/tools/bin/../lib/gcc/arm-none-eabi/12.3.1/../../../../arm-none-eabi/lib/thumb/v6-m/nofp\libnosys.a
END GROUP
LOAD C:/ST/STM32CubeIDE_1.15.1/STM32CubeIDE/plugins/com.st.stm32cube.ide.mcu.externaltools.gnu-tools-for-stm32.12.3.rel1.win32_1.0.100.202403111256/tools/bin/../lib/gcc/arm-none-eabi/12.3.1/thumb/v6-m/nofp/crtend.o
LOAD C:/ST/STM32CubeIDE_1.15.1/STM32CubeIDE/plugins/com.st.stm32cube.ide.mcu.externaltools.gnu-tools-for-stm32.12.3.rel1.win32_1.0.100.202403111256/tools/bin/../lib/gcc/arm-none-eabi/12.3.1/thumb/v6-m/nofp/crtn.o
                0x20001000                        _estack = (ORIGIN (RAM) + LENGTH (RAM))
                0x00000200                        _Min_Heap_Size = 0x200
                0x00000400                        _Min_Stack_Size = 0x400

.isr_vector     0x08000000       0xc0
                0x08000000                        . = ALIGN (0x4)
 *(.isr_vector)
 .isr_vector    0x08000000       0xc0 ./Core/Startup/startup_stm32f030f4px.o
                0x08000000                g_pfnVectors
                0x080000c0                        . = ALIGN (0x4)

.text           0x080000c0     0x2ee8
                0x080000c0                        . = ALIGN (0x4)
 *(.text)
 .text          0x080000c0       0x48 C:/ST/STM32CubeIDE_1.15.1/STM32CubeIDE/plugins/com.st.stm32cube.ide.mcu.externaltools.gnu-tools-for-stm32.12.3.rel1.win32_1.0.100.202403111256/tools/bin/../lib/gcc/arm-none-eabi/12.3.1/thumb/v6-m/nofp/crtbegin.o
 .text          0x08000108       0x14 C:/ST/STM32CubeIDE_1.15.1/STM32CubeIDE/plugins/com.st.stm32cube.ide.mcu.externaltools.gnu-tools-for-stm32.12.3.rel1.win32_1.0.100.202403111256/tools/bin/../lib/gcc/arm-none-eabi/12.3.1/thumb/v6-m/nofp\libgcc.a(_thumb1_case_uqi.o)
                0x08000108                __gnu_thumb1_case_uqi
 .text          0x0800011c      0x114 C:/ST/STM32CubeIDE_1.15.1/STM32CubeIDE/plugins/com.st.stm32cube.ide.mcu.externaltools.gnu-tools-for-stm32.12.3.rel1.win32_1.0.100.202403111256/tools/bin/../lib/gcc/arm-none-eabi/12.3.1/thumb/v6-m/nofp\libgcc.a(_udivsi3.o)
                0x0800011c                __aeabi_uidiv
                0x0800011c                __udivsi3
                0x08000228                __aeabi_uidivmod
 .text          0x08000230      0x1d4 C:/ST/STM32CubeIDE_1.15.1/STM32CubeIDE/plugins/com.st.stm32cube.ide.mcu.externaltools.gnu-tools-for-stm32.12.3.rel1.win32_1.0.100.202403111256/tools/bin/../lib/gcc/arm-none-eabi/12.3.1/thumb/v6-m/nofp\libgcc.a(_divsi3.o)
                0x08000230                __divsi3
                0x08000230                __aeabi_idiv
                0x080003fc                __aeabi_idivmod
 .text          0x08000404        0x4 C:/ST/STM32CubeIDE_1.15.1/STM32CubeIDE/plugins/com.st.stm32cube.ide.mcu.externaltools.gnu-tools-for-stm32.12.3.rel1.win32_1.0.100.202403111256/tools/bin/../lib/gcc/arm-none-eabi/12.3.1/thumb/v6-m/nofp\libgcc.a(_dvmd_tls.o)
                0x08000404                __aeabi_idiv0
                0x08000404                __aeabi_ldiv0
 .text          0x08000408      0x240 C:/ST/STM32CubeIDE_1.15.1/STM32CubeIDE/plugins/com.st.stm32cube.ide.mcu.externaltools.gnu-tools-for-stm32.12.3.rel1.win32_1.0.100.202403111256/tools/bin/../lib/gcc/arm-none-eabi/12.3.1/thumb/v6-m/nofp\libgcc.a(divsf3.o)
                0x08000408                __aeabi_fdiv
 .text          0x08000648      0x27c C:/ST/STM32CubeIDE_1.15.1/STM32CubeIDE/plugins/com.st.stm32cube.ide.mcu.externaltools.gnu-tools-for-stm32.12.3.rel1.win32_1.0.100.202403111256/tools/bin/../lib/gcc/arm-none-eabi/12.3.1/thumb/v6-m/nofp\libgcc.a(mulsf3.o)
                0x08000648                __aeabi_fmul
 .text          0x080008c4      0x348 C:/ST/STM32CubeIDE_1.15.1/STM32CubeIDE/plugins/com.st.stm32cube.ide.mcu.externaltools.gnu-tools-for-stm32.12.3.rel1.win32_1.0.100.202403111256/tools/bin/../lib/gcc/arm-none-eabi/12.3.1/thumb/v6-m/nofp\libgcc.a(subsf3.o)
                0x080008c4                __aeabi_fsub
 .text          0x08000c0c       0x40 C:/ST/STM32CubeIDE_1.15.1/STM32CubeIDE/plugins/com.st.stm32cube.ide.mcu.externaltools.gnu-tools-for-stm32.12.3.rel1.win32_1.0.100.202403111256/tools/bin/../lib/gcc/arm-none-eabi/12.3.1/thumb/v6-m/nofp\libgcc.a(fixsfsi.o)
                0x08000c0c                __aeabi_f2iz
 .text          0x08000c4c       0x98 C:/ST/STM32CubeIDE_1.15.1/STM32CubeIDE/plugins/com.st.stm32cube.ide.mcu.externaltools.gnu-tools-for-stm32.12.3.rel1.win32_1.0.100.202403111256/tools/bin/../lib/gcc/arm-none-eabi/12.3.1/thumb/v6-m/nofp\libgcc.a(floatsisf.o)
                0x08000c4c                __aeabi_i2f
 .text          0x08000ce4       0x3c C:/ST/STM32CubeIDE_1.15.1/STM32CubeIDE/plugins/com.st.stm32cube.ide.mcu.externaltools.gnu-tools-for-stm32.12.3.rel1.win32_1.0.100.202403111256/tools/bin/../lib/gcc/arm-none-eabi/12.3.1/thumb/v6-m/nofp\libgcc.a(_clzsi2.o)
                0x08000ce4                __clzsi2
 *(.text*)
 .text.ADC_Incremental_Write
                0x08000d20      0x118 ./Core/Src/ADC_MCP3464.o
                0x08000d20                ADC_Incremental_Write
 .text.ADC_Init
                0x08000e38       0x40 ./Core/Src/ADC_MCP3464.o
                0x08000e38                ADC_Init
 .text.ADC_Start_Conversion
                0x08000e78       0x38 ./Core/Src/ADC_MCP3464.o
                0x08000e78                ADC_Start_Conversion
 .text.ADC_Full_Reset
                0x08000eb0       0x38 ./Core/Src/ADC_MCP3464.o
                0x08000eb0                ADC_Full_Reset
 .text.ADC_Proccess_Data
                0x08000ee8       0x44 ./Core/Src/ADC_MCP3464.o
                0x08000ee8                ADC_Proccess_Data
 .text.ADC_Get_Measured_DATA
                0x08000f2c       0x44 ./Core/Src/ADC_MCP3464.o
                0x08000f2c                ADC_Get_Measured_DATA
 .text.Expander_Init
                0x08000f70       0x54 ./Core/Src/IO_Expander.o
                0x08000f70                Expander_Init
 .text.Expander_Write_Single_Bit
                0x08000fc4       0x4c ./Core/Src/IO_Expander.o
                0x08000fc4                Expander_Write_Single_Bit
 .text.Expander_Read_Byte
                0x08001010       0x3c ./Core/Src/IO_Expander.o
                0x08001010                Expander_Read_Byte
 .text.ssd1306_WriteCommand
                0x0800104c       0x28 ./Core/Src/SSD1306.o
                0x0800104c                ssd1306_WriteCommand
 .text.ssd1306_WriteData
                0x08001074       0x24 ./Core/Src/SSD1306.o
                0x08001074                ssd1306_WriteData
 .text.ssd1306_Fill
                0x08001098       0x1c ./Core/Src/SSD1306.o
                0x08001098                ssd1306_Fill
 .text.ssd1306_UpdateScreen
                0x080010b4       0x30 ./Core/Src/SSD1306.o
                0x080010b4                ssd1306_UpdateScreen
 .text.ssd1306_DrawPixel
                0x080010e4       0x30 ./Core/Src/SSD1306.o
                0x080010e4                ssd1306_DrawPixel
 .text.ssd1306_WriteChar
                0x08001114       0xbc ./Core/Src/SSD1306.o
                0x08001114                ssd1306_WriteChar
 .text.ssd1306_WriteString
                0x080011d0       0x32 ./Core/Src/SSD1306.o
                0x080011d0                ssd1306_WriteString
 *fill*         0x08001202        0x2 
 .text.ssd1306_SetCursor
                0x08001204        0xc ./Core/Src/SSD1306.o
                0x08001204                ssd1306_SetCursor
 .text.ssd1306_Line
                0x08001210       0x90 ./Core/Src/SSD1306.o
                0x08001210                ssd1306_Line
 .text.ssd1306_SetContrast
                0x080012a0       0x12 ./Core/Src/SSD1306.o
                0x080012a0                ssd1306_SetContrast
 *fill*         0x080012b2        0x2 
 .text.ssd1306_SetDisplayOn
                0x080012b4       0x1c ./Core/Src/SSD1306.o
                0x080012b4                ssd1306_SetDisplayOn
 .text.ssd1306_Init
                0x080012d0       0xc8 ./Core/Src/SSD1306.o
                0x080012d0                ssd1306_Init
 .text.SystemClock_Config
                0x08001398       0xb4 ./Core/Src/main.o
                0x08001398                SystemClock_Config
 .text.intToStr
                0x0800144c       0x50 ./Core/Src/main.o
                0x0800144c                intToStr
 .text.HAL_GPIO_EXTI_Callback
                0x0800149c       0xec ./Core/Src/main.o
                0x0800149c                HAL_GPIO_EXTI_Callback
 .text.startup.main
                0x08001588      0x504 ./Core/Src/main.o
                0x08001588                main
 .text.HAL_MspInit
                0x08001a8c       0x30 ./Core/Src/stm32f0xx_hal_msp.o
                0x08001a8c                HAL_MspInit
 .text.HAL_I2C_MspInit
                0x08001abc       0x68 ./Core/Src/stm32f0xx_hal_msp.o
                0x08001abc                HAL_I2C_MspInit
 .text.HAL_SPI_MspInit
                0x08001b24       0x70 ./Core/Src/stm32f0xx_hal_msp.o
                0x08001b24                HAL_SPI_MspInit
 .text.NMI_Handler
                0x08001b94        0x2 ./Core/Src/stm32f0xx_it.o
                0x08001b94                NMI_Handler
 .text.HardFault_Handler
                0x08001b96        0x2 ./Core/Src/stm32f0xx_it.o
                0x08001b96                HardFault_Handler
 .text.SVC_Handler
                0x08001b98        0x2 ./Core/Src/stm32f0xx_it.o
                0x08001b98                SVC_Handler
 .text.PendSV_Handler
                0x08001b9a        0x2 ./Core/Src/stm32f0xx_it.o
                0x08001b9a                PendSV_Handler
 .text.SysTick_Handler
                0x08001b9c        0x8 ./Core/Src/stm32f0xx_it.o
                0x08001b9c                SysTick_Handler
 .text.EXTI0_1_IRQHandler
                0x08001ba4       0x10 ./Core/Src/stm32f0xx_it.o
                0x08001ba4                EXTI0_1_IRQHandler
 .text.SPI1_IRQHandler
                0x08001bb4       0x10 ./Core/Src/stm32f0xx_it.o
                0x08001bb4                SPI1_IRQHandler
 .text.SystemInit
                0x08001bc4        0x2 ./Core/Src/system_stm32f0xx.o
                0x08001bc4                SystemInit
 *fill*         0x08001bc6        0x2 
 .text.Reset_Handler
                0x08001bc8       0x50 ./Core/Startup/startup_stm32f030f4px.o
                0x08001bc8                Reset_Handler
 .text.Default_Handler
                0x08001c18        0x2 ./Core/Startup/startup_stm32f030f4px.o
                0x08001c18                TIM1_CC_IRQHandler
                0x08001c18                I2C1_IRQHandler
                0x08001c18                EXTI2_3_IRQHandler
                0x08001c18                ADC1_IRQHandler
                0x08001c18                TIM17_IRQHandler
                0x08001c18                RTC_IRQHandler
                0x08001c18                TIM16_IRQHandler
                0x08001c18                TIM3_IRQHandler
                0x08001c18                EXTI4_15_IRQHandler
                0x08001c18                RCC_IRQHandler
                0x08001c18                DMA1_Channel1_IRQHandler
                0x08001c18                Default_Handler
                0x08001c18                TIM14_IRQHandler
                0x08001c18                DMA1_Channel4_5_IRQHandler
                0x08001c18                WWDG_IRQHandler
                0x08001c18                DMA1_Channel2_3_IRQHandler
                0x08001c18                FLASH_IRQHandler
                0x08001c18                USART1_IRQHandler
                0x08001c18                TIM1_BRK_UP_TRG_COM_IRQHandler
 *fill*         0x08001c1a        0x2 
 .text.HAL_InitTick
                0x08001c1c       0x48 ./Drivers/STM32F0xx_HAL_Driver/Src/stm32f0xx_hal.o
                0x08001c1c                HAL_InitTick
 .text.HAL_Init
                0x08001c64       0x20 ./Drivers/STM32F0xx_HAL_Driver/Src/stm32f0xx_hal.o
                0x08001c64                HAL_Init
 .text.HAL_IncTick
                0x08001c84       0x18 ./Drivers/STM32F0xx_HAL_Driver/Src/stm32f0xx_hal.o
                0x08001c84                HAL_IncTick
 .text.HAL_GetTick
                0x08001c9c        0xc ./Drivers/STM32F0xx_HAL_Driver/Src/stm32f0xx_hal.o
                0x08001c9c                HAL_GetTick
 .text.HAL_Delay
                0x08001ca8       0x24 ./Drivers/STM32F0xx_HAL_Driver/Src/stm32f0xx_hal.o
                0x08001ca8                HAL_Delay
 .text.HAL_NVIC_SetPriority
                0x08001ccc       0x54 ./Drivers/STM32F0xx_HAL_Driver/Src/stm32f0xx_hal_cortex.o
                0x08001ccc                HAL_NVIC_SetPriority
 .text.HAL_NVIC_EnableIRQ
                0x08001d20       0x18 ./Drivers/STM32F0xx_HAL_Driver/Src/stm32f0xx_hal_cortex.o
                0x08001d20                HAL_NVIC_EnableIRQ
 .text.HAL_SYSTICK_Config
                0x08001d38       0x34 ./Drivers/STM32F0xx_HAL_Driver/Src/stm32f0xx_hal_cortex.o
                0x08001d38                HAL_SYSTICK_Config
 .text.HAL_DMA_Abort_IT
                0x08001d6c       0x42 ./Drivers/STM32F0xx_HAL_Driver/Src/stm32f0xx_hal_dma.o
                0x08001d6c                HAL_DMA_Abort_IT
 *fill*         0x08001dae        0x2 
 .text.HAL_GPIO_Init
                0x08001db0      0x170 ./Drivers/STM32F0xx_HAL_Driver/Src/stm32f0xx_hal_gpio.o
                0x08001db0                HAL_GPIO_Init
 .text.HAL_GPIO_WritePin
                0x08001f20        0xc ./Drivers/STM32F0xx_HAL_Driver/Src/stm32f0xx_hal_gpio.o
                0x08001f20                HAL_GPIO_WritePin
 .text.HAL_GPIO_EXTI_IRQHandler
                0x08001f2c       0x18 ./Drivers/STM32F0xx_HAL_Driver/Src/stm32f0xx_hal_gpio.o
                0x08001f2c                HAL_GPIO_EXTI_IRQHandler
 .text.I2C_Flush_TXDR
                0x08001f44       0x1c ./Drivers/STM32F0xx_HAL_Driver/Src/stm32f0xx_hal_i2c.o
 .text.I2C_TransferConfig
                0x08001f60       0x2c ./Drivers/STM32F0xx_HAL_Driver/Src/stm32f0xx_hal_i2c.o
 .text.I2C_IsErrorOccurred
                0x08001f8c       0xfc ./Drivers/STM32F0xx_HAL_Driver/Src/stm32f0xx_hal_i2c.o
 .text.I2C_WaitOnTXISFlagUntilTimeout
                0x08002088       0x5c ./Drivers/STM32F0xx_HAL_Driver/Src/stm32f0xx_hal_i2c.o
 .text.I2C_WaitOnFlagUntilTimeout
                0x080020e4       0x6e ./Drivers/STM32F0xx_HAL_Driver/Src/stm32f0xx_hal_i2c.o
 .text.I2C_WaitOnSTOPFlagUntilTimeout
                0x08002152       0x54 ./Drivers/STM32F0xx_HAL_Driver/Src/stm32f0xx_hal_i2c.o
 *fill*         0x080021a6        0x2 
 .text.I2C_WaitOnRXNEFlagUntilTimeout
                0x080021a8       0xa0 ./Drivers/STM32F0xx_HAL_Driver/Src/stm32f0xx_hal_i2c.o
 .text.HAL_I2C_Init
                0x08002248       0xbc ./Drivers/STM32F0xx_HAL_Driver/Src/stm32f0xx_hal_i2c.o
                0x08002248                HAL_I2C_Init
 .text.HAL_I2C_Master_Transmit
                0x08002304      0x140 ./Drivers/STM32F0xx_HAL_Driver/Src/stm32f0xx_hal_i2c.o
                0x08002304                HAL_I2C_Master_Transmit
 .text.HAL_I2C_Master_Receive
                0x08002444      0x120 ./Drivers/STM32F0xx_HAL_Driver/Src/stm32f0xx_hal_i2c.o
                0x08002444                HAL_I2C_Master_Receive
 .text.HAL_I2C_Mem_Write
                0x08002564      0x1b4 ./Drivers/STM32F0xx_HAL_Driver/Src/stm32f0xx_hal_i2c.o
                0x08002564                HAL_I2C_Mem_Write
 .text.HAL_I2CEx_ConfigAnalogFilter
                0x08002718       0x4c ./Drivers/STM32F0xx_HAL_Driver/Src/stm32f0xx_hal_i2c_ex.o
                0x08002718                HAL_I2CEx_ConfigAnalogFilter
 .text.HAL_I2CEx_ConfigDigitalFilter
                0x08002764       0x48 ./Drivers/STM32F0xx_HAL_Driver/Src/stm32f0xx_hal_i2c_ex.o
                0x08002764                HAL_I2CEx_ConfigDigitalFilter
 .text.SPI_WaitFlagStateUntilTimeout.constprop.0
                0x080027ac       0xb8 ./Drivers/STM32F0xx_HAL_Driver/Src/stm32f0xx_hal_spi.o
 .text.SPI_WaitFifoStateUntilTimeout.constprop.0
                0x08002864       0xd8 ./Drivers/STM32F0xx_HAL_Driver/Src/stm32f0xx_hal_spi.o
 .text.SPI_EndRxTxTransaction
                0x0800293c       0x46 ./Drivers/STM32F0xx_HAL_Driver/Src/stm32f0xx_hal_spi.o
 *fill*         0x08002982        0x2 
 .text.HAL_SPI_Init
                0x08002984       0xf0 ./Drivers/STM32F0xx_HAL_Driver/Src/stm32f0xx_hal_spi.o
                0x08002984                HAL_SPI_Init
 .text.HAL_SPI_Transmit
                0x08002a74      0x184 ./Drivers/STM32F0xx_HAL_Driver/Src/stm32f0xx_hal_spi.o
                0x08002a74                HAL_SPI_Transmit
 .text.HAL_SPI_TransmitReceive
                0x08002bf8      0x214 ./Drivers/STM32F0xx_HAL_Driver/Src/stm32f0xx_hal_spi.o
                0x08002bf8                HAL_SPI_TransmitReceive
 .text.HAL_SPI_ErrorCallback
                0x08002e0c        0x2 ./Drivers/STM32F0xx_HAL_Driver/Src/stm32f0xx_hal_spi.o
                0x08002e0c                HAL_SPI_ErrorCallback
 *fill*         0x08002e0e        0x2 
 .text.HAL_SPI_IRQHandler
                0x08002e10      0x108 ./Drivers/STM32F0xx_HAL_Driver/Src/stm32f0xx_hal_spi.o
                0x08002e10                HAL_SPI_IRQHandler
 .text.SPI_DMAAbortOnError
                0x08002f18       0x14 ./Drivers/STM32F0xx_HAL_Driver/Src/stm32f0xx_hal_spi.o
 .text.LL_SetSystemCoreClock
                0x08002f2c        0xc ./Drivers/STM32F0xx_HAL_Driver/Src/stm32f0xx_ll_utils.o
                0x08002f2c                LL_SetSystemCoreClock
 .text.memset   0x08002f38       0x10 C:/ST/STM32CubeIDE_1.15.1/STM32CubeIDE/plugins/com.st.stm32cube.ide.mcu.externaltools.gnu-tools-for-stm32.12.3.rel1.win32_1.0.100.202403111256/tools/bin/../lib/gcc/arm-none-eabi/12.3.1/../../../../arm-none-eabi/lib/thumb/v6-m/nofp\libc_nano.a(libc_a-memset.o)
                0x08002f38                memset
 .text.__libc_init_array
                0x08002f48       0x48 C:/ST/STM32CubeIDE_1.15.1/STM32CubeIDE/plugins/com.st.stm32cube.ide.mcu.externaltools.gnu-tools-for-stm32.12.3.rel1.win32_1.0.100.202403111256/tools/bin/../lib/gcc/arm-none-eabi/12.3.1/../../../../arm-none-eabi/lib/thumb/v6-m/nofp\libc_nano.a(libc_a-init.o)
                0x08002f48                __libc_init_array
 *(.glue_7)
 .glue_7        0x08002f90        0x0 linker stubs
 *(.glue_7t)
 .glue_7t       0x08002f90        0x0 linker stubs
 *(.eh_frame)
 .eh_frame      0x08002f90        0x0 C:/ST/STM32CubeIDE_1.15.1/STM32CubeIDE/plugins/com.st.stm32cube.ide.mcu.externaltools.gnu-tools-for-stm32.12.3.rel1.win32_1.0.100.202403111256/tools/bin/../lib/gcc/arm-none-eabi/12.3.1/thumb/v6-m/nofp/crtbegin.o
 *(.init)
 .init          0x08002f90        0x4 C:/ST/STM32CubeIDE_1.15.1/STM32CubeIDE/plugins/com.st.stm32cube.ide.mcu.externaltools.gnu-tools-for-stm32.12.3.rel1.win32_1.0.100.202403111256/tools/bin/../lib/gcc/arm-none-eabi/12.3.1/thumb/v6-m/nofp/crti.o
                0x08002f90                _init
 .init          0x08002f94        0x8 C:/ST/STM32CubeIDE_1.15.1/STM32CubeIDE/plugins/com.st.stm32cube.ide.mcu.externaltools.gnu-tools-for-stm32.12.3.rel1.win32_1.0.100.202403111256/tools/bin/../lib/gcc/arm-none-eabi/12.3.1/thumb/v6-m/nofp/crtn.o
 *(.fini)
 .fini          0x08002f9c        0x4 C:/ST/STM32CubeIDE_1.15.1/STM32CubeIDE/plugins/com.st.stm32cube.ide.mcu.externaltools.gnu-tools-for-stm32.12.3.rel1.win32_1.0.100.202403111256/tools/bin/../lib/gcc/arm-none-eabi/12.3.1/thumb/v6-m/nofp/crti.o
                0x08002f9c                _fini
 .fini          0x08002fa0        0x8 C:/ST/STM32CubeIDE_1.15.1/STM32CubeIDE/plugins/com.st.stm32cube.ide.mcu.externaltools.gnu-tools-for-stm32.12.3.rel1.win32_1.0.100.202403111256/tools/bin/../lib/gcc/arm-none-eabi/12.3.1/thumb/v6-m/nofp/crtn.o
                0x08002fa8                        . = ALIGN (0x4)
                0x08002fa8                        _etext = .

.vfp11_veneer   0x08002fa8        0x0
 .vfp11_veneer  0x08002fa8        0x0 linker stubs

.v4_bx          0x08002fa8        0x0
 .v4_bx         0x08002fa8        0x0 linker stubs

.iplt           0x08002fa8        0x0
 .iplt          0x08002fa8        0x0 C:/ST/STM32CubeIDE_1.15.1/STM32CubeIDE/plugins/com.st.stm32cube.ide.mcu.externaltools.gnu-tools-for-stm32.12.3.rel1.win32_1.0.100.202403111256/tools/bin/../lib/gcc/arm-none-eabi/12.3.1/thumb/v6-m/nofp/crtbegin.o

.rodata         0x08002fa8      0x850
                0x08002fa8                        . = ALIGN (0x4)
 *(.rodata)
 .rodata        0x08002fa8       0x7c C:/ST/STM32CubeIDE_1.15.1/STM32CubeIDE/plugins/com.st.stm32cube.ide.mcu.externaltools.gnu-tools-for-stm32.12.3.rel1.win32_1.0.100.202403111256/tools/bin/../lib/gcc/arm-none-eabi/12.3.1/thumb/v6-m/nofp\libgcc.a(divsf3.o)
 *(.rodata*)
 .rodata.Font_7x10
                0x08003024        0xc ./Core/Src/SSD1306_fonts.o
                0x08003024                Font_7x10
 .rodata.Font7x10
                0x08003030      0x76c ./Core/Src/SSD1306_fonts.o
 .rodata.HAL_GPIO_EXTI_Callback.str1.1
                0x0800379c       0x39 ./Core/Src/main.o
 .rodata.main.str1.1
                0x080037d5       0x21 ./Core/Src/main.o
                0x080037f8                        . = ALIGN (0x4)
 *fill*         0x080037f6        0x2 

.ARM.extab      0x080037f8        0x0
                0x080037f8                        . = ALIGN (0x4)
 *(.ARM.extab* .gnu.linkonce.armextab.*)
                0x080037f8                        . = ALIGN (0x4)

.ARM            0x080037f8        0x0
                0x080037f8                        . = ALIGN (0x4)
                0x080037f8                        __exidx_start = .
 *(.ARM.exidx*)
                0x080037f8                        __exidx_end = .
                0x080037f8                        . = ALIGN (0x4)

.preinit_array  0x080037f8        0x0
                0x080037f8                        . = ALIGN (0x4)
                0x080037f8                        PROVIDE (__preinit_array_start = .)
 *(.preinit_array*)
                0x080037f8                        PROVIDE (__preinit_array_end = .)
                0x080037f8                        . = ALIGN (0x4)

.init_array     0x080037f8        0x4
                0x080037f8                        . = ALIGN (0x4)
                0x080037f8                        PROVIDE (__init_array_start = .)
 *(SORT_BY_NAME(.init_array.*))
 *(.init_array*)
 .init_array    0x080037f8        0x4 C:/ST/STM32CubeIDE_1.15.1/STM32CubeIDE/plugins/com.st.stm32cube.ide.mcu.externaltools.gnu-tools-for-stm32.12.3.rel1.win32_1.0.100.202403111256/tools/bin/../lib/gcc/arm-none-eabi/12.3.1/thumb/v6-m/nofp/crtbegin.o
                0x080037fc                        PROVIDE (__init_array_end = .)
                0x080037fc                        . = ALIGN (0x4)

.fini_array     0x080037fc        0x4
                0x080037fc                        . = ALIGN (0x4)
                [!provide]                        PROVIDE (__fini_array_start = .)
 *(SORT_BY_NAME(.fini_array.*))
 *(.fini_array*)
 .fini_array    0x080037fc        0x4 C:/ST/STM32CubeIDE_1.15.1/STM32CubeIDE/plugins/com.st.stm32cube.ide.mcu.externaltools.gnu-tools-for-stm32.12.3.rel1.win32_1.0.100.202403111256/tools/bin/../lib/gcc/arm-none-eabi/12.3.1/thumb/v6-m/nofp/crtbegin.o
                [!provide]                        PROVIDE (__fini_array_end = .)
                0x08003800                        . = ALIGN (0x4)
                0x08003800                        _sidata = LOADADDR (.data)

.rel.dyn        0x08003800        0x0
 .rel.iplt      0x08003800        0x0 C:/ST/STM32CubeIDE_1.15.1/STM32CubeIDE/plugins/com.st.stm32cube.ide.mcu.externaltools.gnu-tools-for-stm32.12.3.rel1.win32_1.0.100.202403111256/tools/bin/../lib/gcc/arm-none-eabi/12.3.1/thumb/v6-m/nofp/crtbegin.o

.data           0x20000000       0x14 load address 0x08003800
                0x20000000                        . = ALIGN (0x4)
                0x20000000                        _sdata = .
 *(.data)
 *(.data*)
 .data.SetPoint
                0x20000000        0x4 ./Core/Src/main.o
                0x20000000                SetPoint
 .data.A        0x20000004        0x4 ./Core/Src/main.o
                0x20000004                A
 .data.SystemCoreClock
                0x20000008        0x4 ./Core/Src/system_stm32f0xx.o
                0x20000008                SystemCoreClock
 .data.uwTickFreq
                0x2000000c        0x1 ./Drivers/STM32F0xx_HAL_Driver/Src/stm32f0xx_hal.o
                0x2000000c                uwTickFreq
 *fill*         0x2000000d        0x3 
 .data.uwTickPrio
                0x20000010        0x4 ./Drivers/STM32F0xx_HAL_Driver/Src/stm32f0xx_hal.o
                0x20000010                uwTickPrio
 *(.RamFunc)
 *(.RamFunc*)
                0x20000014                        . = ALIGN (0x4)
                0x20000014                        _edata = .

.igot.plt       0x20000014        0x0 load address 0x08003814
 .igot.plt      0x20000014        0x0 C:/ST/STM32CubeIDE_1.15.1/STM32CubeIDE/plugins/com.st.stm32cube.ide.mcu.externaltools.gnu-tools-for-stm32.12.3.rel1.win32_1.0.100.202403111256/tools/bin/../lib/gcc/arm-none-eabi/12.3.1/thumb/v6-m/nofp/crtbegin.o
                0x20000014                        . = ALIGN (0x4)

.bss            0x20000014      0x584 load address 0x08003814
                0x20000014                        _sbss = .
                0x20000014                        __bss_start__ = _sbss
 *(.bss)
 .bss           0x20000014       0x1c C:/ST/STM32CubeIDE_1.15.1/STM32CubeIDE/plugins/com.st.stm32cube.ide.mcu.externaltools.gnu-tools-for-stm32.12.3.rel1.win32_1.0.100.202403111256/tools/bin/../lib/gcc/arm-none-eabi/12.3.1/thumb/v6-m/nofp/crtbegin.o
 *(.bss*)
 .bss.ReadData  0x20000030        0x2 ./Core/Src/ADC_MCP3464.o
                0x20000030                ReadData
 .bss.ADCReceivedData
                0x20000032       0x1e ./Core/Src/ADC_MCP3464.o
 .bss.FastCommandByte
                0x20000050        0x1 ./Core/Src/ADC_MCP3464.o
                0x20000050                FastCommandByte
 .bss.SPIMessage
                0x20000051       0x1a ./Core/Src/ADC_MCP3464.o
                0x20000051                SPIMessage
 *fill*         0x2000006b        0x1 
 .bss.SSD1306   0x2000006c        0x6 ./Core/Src/SSD1306.o
 .bss.SSD1306_Buffer
                0x20000072      0x400 ./Core/Src/SSD1306.o
 *fill*         0x20000472        0x2 
 .bss.TemperatureCh4
                0x20000474        0x4 ./Core/Src/main.o
                0x20000474                TemperatureCh4
 .bss.TemperatureCh3
                0x20000478        0x4 ./Core/Src/main.o
                0x20000478                TemperatureCh3
 .bss.TemperatureCh2
                0x2000047c        0x4 ./Core/Src/main.o
                0x2000047c                TemperatureCh2
 .bss.TempString
                0x20000480        0x4 ./Core/Src/main.o
                0x20000480                TempString
 .bss.ResistanceADCOffset
                0x20000484        0x4 ./Core/Src/main.o
                0x20000484                ResistanceADCOffset
 .bss.ResistanceCh4
                0x20000488        0x4 ./Core/Src/main.o
                0x20000488                ResistanceCh4
 .bss.ResistanceCh3
                0x2000048c        0x4 ./Core/Src/main.o
                0x2000048c                ResistanceCh3
 .bss.ResistanceCh2
                0x20000490        0x4 ./Core/Src/main.o
                0x20000490                ResistanceCh2
 .bss.VoltageCh4
                0x20000494        0x4 ./Core/Src/main.o
                0x20000494                VoltageCh4
 .bss.VoltageCh3
                0x20000498        0x4 ./Core/Src/main.o
                0x20000498                VoltageCh3
 .bss.VoltageCh2
                0x2000049c        0x4 ./Core/Src/main.o
                0x2000049c                VoltageCh2
 .bss.VoltageCh1
                0x200004a0        0x4 ./Core/Src/main.o
                0x200004a0                VoltageCh1
 .bss.Voltage   0x200004a4        0x4 ./Core/Src/main.o
                0x200004a4                Voltage
 .bss.TCCU_Mode
                0x200004a8        0x1 ./Core/Src/main.o
                0x200004a8                TCCU_Mode
 .bss.MyExpander
                0x200004a9        0x5 ./Core/Src/main.o
                0x200004a9                MyExpander
 .bss.MyDAC     0x200004ae        0x4 ./Core/Src/main.o
                0x200004ae                MyDAC
 *fill*         0x200004b2        0x2 
 .bss.MyADC     0x200004b4       0x28 ./Core/Src/main.o
                0x200004b4                MyADC
 .bss.hspi1     0x200004dc       0x64 ./Core/Src/main.o
                0x200004dc                hspi1
 .bss.hi2c1     0x20000540       0x54 ./Core/Src/main.o
                0x20000540                hi2c1
 .bss.uwTick    0x20000594        0x4 ./Drivers/STM32F0xx_HAL_Driver/Src/stm32f0xx_hal.o
                0x20000594                uwTick
 *(COMMON)
                0x20000598                        . = ALIGN (0x4)
                0x20000598                        _ebss = .
                0x20000598                        __bss_end__ = _ebss

._user_heap_stack
                0x20000598      0x600 load address 0x08003814
                0x20000598                        . = ALIGN (0x8)
                [!provide]                        PROVIDE (end = .)
                0x20000598                        PROVIDE (_end = .)
                0x20000798                        . = (. + _Min_Heap_Size)
 *fill*         0x20000598      0x200 
                0x20000b98                        . = (. + _Min_Stack_Size)
 *fill*         0x20000798      0x400 
                0x20000b98                        . = ALIGN (0x8)

/DISCARD/
 libc.a(*)
 libm.a(*)
 libgcc.a(*)

.ARM.attributes
                0x00000000       0x28
 *(.ARM.attributes)
 .ARM.attributes
                0x00000000       0x1e C:/ST/STM32CubeIDE_1.15.1/STM32CubeIDE/plugins/com.st.stm32cube.ide.mcu.externaltools.gnu-tools-for-stm32.12.3.rel1.win32_1.0.100.202403111256/tools/bin/../lib/gcc/arm-none-eabi/12.3.1/thumb/v6-m/nofp/crti.o
 .ARM.attributes
                0x0000001e       0x2c C:/ST/STM32CubeIDE_1.15.1/STM32CubeIDE/plugins/com.st.stm32cube.ide.mcu.externaltools.gnu-tools-for-stm32.12.3.rel1.win32_1.0.100.202403111256/tools/bin/../lib/gcc/arm-none-eabi/12.3.1/thumb/v6-m/nofp/crtbegin.o
 .ARM.attributes
                0x0000004a       0x2c ./Core/Src/ADC_MCP3464.o
 .ARM.attributes
                0x00000076       0x2c ./Core/Src/IO_Expander.o
 .ARM.attributes
                0x000000a2       0x2c ./Core/Src/SSD1306.o
 .ARM.attributes
                0x000000ce       0x2c ./Core/Src/SSD1306_fonts.o
 .ARM.attributes
                0x000000fa       0x2c ./Core/Src/main.o
 .ARM.attributes
                0x00000126       0x2c ./Core/Src/stm32f0xx_hal_msp.o
 .ARM.attributes
                0x00000152       0x2c ./Core/Src/stm32f0xx_it.o
 .ARM.attributes
                0x0000017e       0x2c ./Core/Src/system_stm32f0xx.o
 .ARM.attributes
                0x000001aa       0x21 ./Core/Startup/startup_stm32f030f4px.o
 .ARM.attributes
                0x000001cb       0x2c ./Drivers/STM32F0xx_HAL_Driver/Src/stm32f0xx_hal.o
 .ARM.attributes
                0x000001f7       0x2c ./Drivers/STM32F0xx_HAL_Driver/Src/stm32f0xx_hal_cortex.o
 .ARM.attributes
                0x00000223       0x2c ./Drivers/STM32F0xx_HAL_Driver/Src/stm32f0xx_hal_dma.o
 .ARM.attributes
                0x0000024f       0x2c ./Drivers/STM32F0xx_HAL_Driver/Src/stm32f0xx_hal_gpio.o
 .ARM.attributes
                0x0000027b       0x2c ./Drivers/STM32F0xx_HAL_Driver/Src/stm32f0xx_hal_i2c.o
 .ARM.attributes
                0x000002a7       0x2c ./Drivers/STM32F0xx_HAL_Driver/Src/stm32f0xx_hal_i2c_ex.o
 .ARM.attributes
                0x000002d3       0x2c ./Drivers/STM32F0xx_HAL_Driver/Src/stm32f0xx_hal_spi.o
 .ARM.attributes
                0x000002ff       0x2c ./Drivers/STM32F0xx_HAL_Driver/Src/stm32f0xx_ll_utils.o
 .ARM.attributes
                0x0000032b       0x2c C:/ST/STM32CubeIDE_1.15.1/STM32CubeIDE/plugins/com.st.stm32cube.ide.mcu.externaltools.gnu-tools-for-stm32.12.3.rel1.win32_1.0.100.202403111256/tools/bin/../lib/gcc/arm-none-eabi/12.3.1/../../../../arm-none-eabi/lib/thumb/v6-m/nofp\libc_nano.a(libc_a-memset.o)
 .ARM.attributes
                0x00000357       0x2c C:/ST/STM32CubeIDE_1.15.1/STM32CubeIDE/plugins/com.st.stm32cube.ide.mcu.externaltools.gnu-tools-for-stm32.12.3.rel1.win32_1.0.100.202403111256/tools/bin/../lib/gcc/arm-none-eabi/12.3.1/../../../../arm-none-eabi/lib/thumb/v6-m/nofp\libc_nano.a(libc_a-init.o)
 .ARM.attributes
                0x00000383       0x1e C:/ST/STM32CubeIDE_1.15.1/STM32CubeIDE/plugins/com.st.stm32cube.ide.mcu.externaltools.gnu-tools-for-stm32.12.3.rel1.win32_1.0.100.202403111256/tools/bin/../lib/gcc/arm-none-eabi/12.3.1/thumb/v6-m/nofp\libgcc.a(_thumb1_case_uqi.o)
 .ARM.attributes
                0x000003a1       0x1e C:/ST/STM32CubeIDE_1.15.1/STM32CubeIDE/plugins/com.st.stm32cube.ide.mcu.externaltools.gnu-tools-for-stm32.12.3.rel1.win32_1.0.100.202403111256/tools/bin/../lib/gcc/arm-none-eabi/12.3.1/thumb/v6-m/nofp\libgcc.a(_udivsi3.o)
 .ARM.attributes
                0x000003bf       0x1e C:/ST/STM32CubeIDE_1.15.1/STM32CubeIDE/plugins/com.st.stm32cube.ide.mcu.externaltools.gnu-tools-for-stm32.12.3.rel1.win32_1.0.100.202403111256/tools/bin/../lib/gcc/arm-none-eabi/12.3.1/thumb/v6-m/nofp\libgcc.a(_divsi3.o)
 .ARM.attributes
                0x000003dd       0x1e C:/ST/STM32CubeIDE_1.15.1/STM32CubeIDE/plugins/com.st.stm32cube.ide.mcu.externaltools.gnu-tools-for-stm32.12.3.rel1.win32_1.0.100.202403111256/tools/bin/../lib/gcc/arm-none-eabi/12.3.1/thumb/v6-m/nofp\libgcc.a(_dvmd_tls.o)
 .ARM.attributes
                0x000003fb       0x2c C:/ST/STM32CubeIDE_1.15.1/STM32CubeIDE/plugins/com.st.stm32cube.ide.mcu.externaltools.gnu-tools-for-stm32.12.3.rel1.win32_1.0.100.202403111256/tools/bin/../lib/gcc/arm-none-eabi/12.3.1/thumb/v6-m/nofp\libgcc.a(divsf3.o)
 .ARM.attributes
                0x00000427       0x2c C:/ST/STM32CubeIDE_1.15.1/STM32CubeIDE/plugins/com.st.stm32cube.ide.mcu.externaltools.gnu-tools-for-stm32.12.3.rel1.win32_1.0.100.202403111256/tools/bin/../lib/gcc/arm-none-eabi/12.3.1/thumb/v6-m/nofp\libgcc.a(mulsf3.o)
 .ARM.attributes
                0x00000453       0x2c C:/ST/STM32CubeIDE_1.15.1/STM32CubeIDE/plugins/com.st.stm32cube.ide.mcu.externaltools.gnu-tools-for-stm32.12.3.rel1.win32_1.0.100.202403111256/tools/bin/../lib/gcc/arm-none-eabi/12.3.1/thumb/v6-m/nofp\libgcc.a(subsf3.o)
 .ARM.attributes
                0x0000047f       0x2c C:/ST/STM32CubeIDE_1.15.1/STM32CubeIDE/plugins/com.st.stm32cube.ide.mcu.externaltools.gnu-tools-for-stm32.12.3.rel1.win32_1.0.100.202403111256/tools/bin/../lib/gcc/arm-none-eabi/12.3.1/thumb/v6-m/nofp\libgcc.a(fixsfsi.o)
 .ARM.attributes
                0x000004ab       0x2c C:/ST/STM32CubeIDE_1.15.1/STM32CubeIDE/plugins/com.st.stm32cube.ide.mcu.externaltools.gnu-tools-for-stm32.12.3.rel1.win32_1.0.100.202403111256/tools/bin/../lib/gcc/arm-none-eabi/12.3.1/thumb/v6-m/nofp\libgcc.a(floatsisf.o)
 .ARM.attributes
                0x000004d7       0x1e C:/ST/STM32CubeIDE_1.15.1/STM32CubeIDE/plugins/com.st.stm32cube.ide.mcu.externaltools.gnu-tools-for-stm32.12.3.rel1.win32_1.0.100.202403111256/tools/bin/../lib/gcc/arm-none-eabi/12.3.1/thumb/v6-m/nofp\libgcc.a(_clzsi2.o)
 .ARM.attributes
                0x000004f5       0x1e C:/ST/STM32CubeIDE_1.15.1/STM32CubeIDE/plugins/com.st.stm32cube.ide.mcu.externaltools.gnu-tools-for-stm32.12.3.rel1.win32_1.0.100.202403111256/tools/bin/../lib/gcc/arm-none-eabi/12.3.1/thumb/v6-m/nofp/crtn.o
OUTPUT(Thermal_Chamber.elf elf32-littlearm)
LOAD linker stubs
LOAD C:/ST/STM32CubeIDE_1.15.1/STM32CubeIDE/plugins/com.st.stm32cube.ide.mcu.externaltools.gnu-tools-for-stm32.12.3.rel1.win32_1.0.100.202403111256/tools/bin/../lib/gcc/arm-none-eabi/12.3.1/../../../../arm-none-eabi/lib/thumb/v6-m/nofp\libc.a
LOAD C:/ST/STM32CubeIDE_1.15.1/STM32CubeIDE/plugins/com.st.stm32cube.ide.mcu.externaltools.gnu-tools-for-stm32.12.3.rel1.win32_1.0.100.202403111256/tools/bin/../lib/gcc/arm-none-eabi/12.3.1/../../../../arm-none-eabi/lib/thumb/v6-m/nofp\libm.a
LOAD C:/ST/STM32CubeIDE_1.15.1/STM32CubeIDE/plugins/com.st.stm32cube.ide.mcu.externaltools.gnu-tools-for-stm32.12.3.rel1.win32_1.0.100.202403111256/tools/bin/../lib/gcc/arm-none-eabi/12.3.1/thumb/v6-m/nofp\libgcc.a

.debug_info     0x00000000    0x10fd2
 .debug_info    0x00000000     0x1216 ./Core/Src/ADC_MCP3464.o
 .debug_info    0x00001216      0xa30 ./Core/Src/IO_Expander.o
 .debug_info    0x00001c46     0x20b3 ./Core/Src/SSD1306.o
 .debug_info    0x00003cf9      0x151 ./Core/Src/SSD1306_fonts.o
 .debug_info    0x00003e4a     0x2464 ./Core/Src/main.o
 .debug_info    0x000062ae      0xe6e ./Core/Src/stm32f0xx_hal_msp.o
 .debug_info    0x0000711c      0x6c7 ./Core/Src/stm32f0xx_it.o
 .debug_info    0x000077e3      0x28f ./Core/Src/system_stm32f0xx.o
 .debug_info    0x00007a72       0x2f ./Core/Startup/startup_stm32f030f4px.o
 .debug_info    0x00007aa1      0x77d ./Drivers/STM32F0xx_HAL_Driver/Src/stm32f0xx_hal.o
 .debug_info    0x0000821e      0x888 ./Drivers/STM32F0xx_HAL_Driver/Src/stm32f0xx_hal_cortex.o
 .debug_info    0x00008aa6      0x8d1 ./Drivers/STM32F0xx_HAL_Driver/Src/stm32f0xx_hal_dma.o
 .debug_info    0x00009377      0x64a ./Drivers/STM32F0xx_HAL_Driver/Src/stm32f0xx_hal_gpio.o
 .debug_info    0x000099c1     0x4027 ./Drivers/STM32F0xx_HAL_Driver/Src/stm32f0xx_hal_i2c.o
 .debug_info    0x0000d9e8      0x85d ./Drivers/STM32F0xx_HAL_Driver/Src/stm32f0xx_hal_i2c_ex.o
 .debug_info    0x0000e245     0x22a2 ./Drivers/STM32F0xx_HAL_Driver/Src/stm32f0xx_hal_spi.o
 .debug_info    0x000104e7      0xaeb ./Drivers/STM32F0xx_HAL_Driver/Src/stm32f0xx_ll_utils.o

.debug_abbrev   0x00000000     0x2984
 .debug_abbrev  0x00000000      0x33e ./Core/Src/ADC_MCP3464.o
 .debug_abbrev  0x0000033e      0x1f1 ./Core/Src/IO_Expander.o
 .debug_abbrev  0x0000052f      0x45a ./Core/Src/SSD1306.o
 .debug_abbrev  0x00000989       0xad ./Core/Src/SSD1306_fonts.o
 .debug_abbrev  0x00000a36      0x46f ./Core/Src/main.o
 .debug_abbrev  0x00000ea5      0x1fa ./Core/Src/stm32f0xx_hal_msp.o
 .debug_abbrev  0x0000109f      0x1ff ./Core/Src/stm32f0xx_it.o
 .debug_abbrev  0x0000129e      0x134 ./Core/Src/system_stm32f0xx.o
 .debug_abbrev  0x000013d2       0x24 ./Core/Startup/startup_stm32f030f4px.o
 .debug_abbrev  0x000013f6      0x2ca ./Drivers/STM32F0xx_HAL_Driver/Src/stm32f0xx_hal.o
 .debug_abbrev  0x000016c0      0x285 ./Drivers/STM32F0xx_HAL_Driver/Src/stm32f0xx_hal_cortex.o
 .debug_abbrev  0x00001945      0x231 ./Drivers/STM32F0xx_HAL_Driver/Src/stm32f0xx_hal_dma.o
 .debug_abbrev  0x00001b76      0x1e7 ./Drivers/STM32F0xx_HAL_Driver/Src/stm32f0xx_hal_gpio.o
 .debug_abbrev  0x00001d5d      0x393 ./Drivers/STM32F0xx_HAL_Driver/Src/stm32f0xx_hal_i2c.o
 .debug_abbrev  0x000020f0      0x1c5 ./Drivers/STM32F0xx_HAL_Driver/Src/stm32f0xx_hal_i2c_ex.o
 .debug_abbrev  0x000022b5      0x355 ./Drivers/STM32F0xx_HAL_Driver/Src/stm32f0xx_hal_spi.o
 .debug_abbrev  0x0000260a      0x37a ./Drivers/STM32F0xx_HAL_Driver/Src/stm32f0xx_ll_utils.o

.debug_loc      0x00000000     0xa330
 .debug_loc     0x00000000      0x531 ./Core/Src/ADC_MCP3464.o
 .debug_loc     0x00000531      0x169 ./Core/Src/IO_Expander.o
 .debug_loc     0x0000069a     0x15b3 ./Core/Src/SSD1306.o
 .debug_loc     0x00001c4d      0x283 ./Core/Src/main.o
 .debug_loc     0x00001ed0       0xae ./Core/Src/stm32f0xx_hal_msp.o
 .debug_loc     0x00001f7e      0x14f ./Core/Src/system_stm32f0xx.o
 .debug_loc     0x000020cd      0x138 ./Drivers/STM32F0xx_HAL_Driver/Src/stm32f0xx_hal.o
 .debug_loc     0x00002205      0x41b ./Drivers/STM32F0xx_HAL_Driver/Src/stm32f0xx_hal_cortex.o
 .debug_loc     0x00002620      0x8f1 ./Drivers/STM32F0xx_HAL_Driver/Src/stm32f0xx_hal_dma.o
 .debug_loc     0x00002f11      0x39d ./Drivers/STM32F0xx_HAL_Driver/Src/stm32f0xx_hal_gpio.o
 .debug_loc     0x000032ae     0x49c7 ./Drivers/STM32F0xx_HAL_Driver/Src/stm32f0xx_hal_i2c.o
 .debug_loc     0x00007c75      0x12e ./Drivers/STM32F0xx_HAL_Driver/Src/stm32f0xx_hal_i2c_ex.o
 .debug_loc     0x00007da3     0x1ee5 ./Drivers/STM32F0xx_HAL_Driver/Src/stm32f0xx_hal_spi.o
 .debug_loc     0x00009c88      0x6a8 ./Drivers/STM32F0xx_HAL_Driver/Src/stm32f0xx_ll_utils.o

.debug_aranges  0x00000000      0x9d0
 .debug_aranges
                0x00000000       0x78 ./Core/Src/ADC_MCP3464.o
 .debug_aranges
                0x00000078       0x40 ./Core/Src/IO_Expander.o
 .debug_aranges
                0x000000b8       0xd8 ./Core/Src/SSD1306.o
 .debug_aranges
                0x00000190       0x18 ./Core/Src/SSD1306_fonts.o
 .debug_aranges
                0x000001a8       0x40 ./Core/Src/main.o
 .debug_aranges
                0x000001e8       0x40 ./Core/Src/stm32f0xx_hal_msp.o
 .debug_aranges
                0x00000228       0x50 ./Core/Src/stm32f0xx_it.o
 .debug_aranges
                0x00000278       0x28 ./Core/Src/system_stm32f0xx.o
 .debug_aranges
                0x000002a0       0x28 ./Core/Startup/startup_stm32f030f4px.o
 .debug_aranges
                0x000002c8       0xd0 ./Drivers/STM32F0xx_HAL_Driver/Src/stm32f0xx_hal.o
 .debug_aranges
                0x00000398       0x78 ./Drivers/STM32F0xx_HAL_Driver/Src/stm32f0xx_hal_cortex.o
 .debug_aranges
                0x00000410       0x78 ./Drivers/STM32F0xx_HAL_Driver/Src/stm32f0xx_hal_dma.o
 .debug_aranges
                0x00000488       0x58 ./Drivers/STM32F0xx_HAL_Driver/Src/stm32f0xx_hal_gpio.o
 .debug_aranges
                0x000004e0      0x290 ./Drivers/STM32F0xx_HAL_Driver/Src/stm32f0xx_hal_i2c.o
 .debug_aranges
                0x00000770       0x38 ./Drivers/STM32F0xx_HAL_Driver/Src/stm32f0xx_hal_i2c_ex.o
 .debug_aranges
                0x000007a8      0x1d8 ./Drivers/STM32F0xx_HAL_Driver/Src/stm32f0xx_hal_spi.o
 .debug_aranges
                0x00000980       0x50 ./Drivers/STM32F0xx_HAL_Driver/Src/stm32f0xx_ll_utils.o

.debug_ranges   0x00000000     0x1160
 .debug_ranges  0x00000000       0x90 ./Core/Src/ADC_MCP3464.o
 .debug_ranges  0x00000090       0x68 ./Core/Src/IO_Expander.o
 .debug_ranges  0x000000f8      0x268 ./Core/Src/SSD1306.o
 .debug_ranges  0x00000360      0x150 ./Core/Src/main.o
 .debug_ranges  0x000004b0       0xc8 ./Core/Src/stm32f0xx_hal_msp.o
 .debug_ranges  0x00000578       0x40 ./Core/Src/stm32f0xx_it.o
 .debug_ranges  0x000005b8       0x18 ./Core/Src/system_stm32f0xx.o
 .debug_ranges  0x000005d0       0x20 ./Core/Startup/startup_stm32f030f4px.o
 .debug_ranges  0x000005f0       0xc0 ./Drivers/STM32F0xx_HAL_Driver/Src/stm32f0xx_hal.o
 .debug_ranges  0x000006b0       0xd0 ./Drivers/STM32F0xx_HAL_Driver/Src/stm32f0xx_hal_cortex.o
 .debug_ranges  0x00000780       0xe8 ./Drivers/STM32F0xx_HAL_Driver/Src/stm32f0xx_hal_dma.o
 .debug_ranges  0x00000868       0x70 ./Drivers/STM32F0xx_HAL_Driver/Src/stm32f0xx_hal_gpio.o
 .debug_ranges  0x000008d8      0x310 ./Drivers/STM32F0xx_HAL_Driver/Src/stm32f0xx_hal_i2c.o
 .debug_ranges  0x00000be8       0x68 ./Drivers/STM32F0xx_HAL_Driver/Src/stm32f0xx_hal_i2c_ex.o
 .debug_ranges  0x00000c50      0x278 ./Drivers/STM32F0xx_HAL_Driver/Src/stm32f0xx_hal_spi.o
 .debug_ranges  0x00000ec8      0x298 ./Drivers/STM32F0xx_HAL_Driver/Src/stm32f0xx_ll_utils.o

.debug_macro    0x00000000    0x116f9
 .debug_macro   0x00000000      0x2f4 ./Core/Src/ADC_MCP3464.o
 .debug_macro   0x000002f4      0xa96 ./Core/Src/ADC_MCP3464.o
 .debug_macro   0x00000d8a       0x10 ./Core/Src/ADC_MCP3464.o
 .debug_macro   0x00000d9a       0x22 ./Core/Src/ADC_MCP3464.o
 .debug_macro   0x00000dbc       0x8e ./Core/Src/ADC_MCP3464.o
 .debug_macro   0x00000e4a       0x51 ./Core/Src/ADC_MCP3464.o
 .debug_macro   0x00000e9b      0x103 ./Core/Src/ADC_MCP3464.o
 .debug_macro   0x00000f9e       0x6a ./Core/Src/ADC_MCP3464.o
 .debug_macro   0x00001008      0x1df ./Core/Src/ADC_MCP3464.o
 .debug_macro   0x000011e7      0x12d ./Core/Src/ADC_MCP3464.o
 .debug_macro   0x00001314       0x2e ./Core/Src/ADC_MCP3464.o
 .debug_macro   0x00001342       0x22 ./Core/Src/ADC_MCP3464.o
 .debug_macro   0x00001364       0x1c ./Core/Src/ADC_MCP3464.o
 .debug_macro   0x00001380       0x22 ./Core/Src/ADC_MCP3464.o
 .debug_macro   0x000013a2       0xaf ./Core/Src/ADC_MCP3464.o
 .debug_macro   0x00001451      0x391 ./Core/Src/ADC_MCP3464.o
 .debug_macro   0x000017e2     0x6e6e ./Core/Src/ADC_MCP3464.o
 .debug_macro   0x00008650       0x66 ./Core/Src/ADC_MCP3464.o
 .debug_macro   0x000086b6     0x34da ./Core/Src/ADC_MCP3464.o
 .debug_macro   0x0000bb90      0x189 ./Core/Src/ADC_MCP3464.o
 .debug_macro   0x0000bd19       0x55 ./Core/Src/ADC_MCP3464.o
 .debug_macro   0x0000bd6e      0x924 ./Core/Src/ADC_MCP3464.o
 .debug_macro   0x0000c692       0xe5 ./Core/Src/ADC_MCP3464.o
 .debug_macro   0x0000c777      0x1ae ./Core/Src/ADC_MCP3464.o
 .debug_macro   0x0000c925       0xb3 ./Core/Src/ADC_MCP3464.o
 .debug_macro   0x0000c9d8      0x1a0 ./Core/Src/ADC_MCP3464.o
 .debug_macro   0x0000cb78      0x1ed ./Core/Src/ADC_MCP3464.o
 .debug_macro   0x0000cd65       0x34 ./Core/Src/ADC_MCP3464.o
 .debug_macro   0x0000cd99       0x43 ./Core/Src/ADC_MCP3464.o
 .debug_macro   0x0000cddc       0x28 ./Core/Src/ADC_MCP3464.o
 .debug_macro   0x0000ce04       0xb0 ./Core/Src/ADC_MCP3464.o
 .debug_macro   0x0000ceb4      0x15a ./Core/Src/ADC_MCP3464.o
 .debug_macro   0x0000d00e      0x22c ./Core/Src/ADC_MCP3464.o
 .debug_macro   0x0000d23a       0x61 ./Core/Src/ADC_MCP3464.o
 .debug_macro   0x0000d29b       0xa5 ./Core/Src/ADC_MCP3464.o
 .debug_macro   0x0000d340       0x4c ./Core/Src/ADC_MCP3464.o
 .debug_macro   0x0000d38c       0x2b ./Core/Src/ADC_MCP3464.o
 .debug_macro   0x0000d3b7      0x2fe ./Core/Src/ADC_MCP3464.o
 .debug_macro   0x0000d6b5       0xf1 ./Core/Src/ADC_MCP3464.o
 .debug_macro   0x0000d7a6      0x40c ./Core/Src/ADC_MCP3464.o
 .debug_macro   0x0000dbb2       0xab ./Core/Src/ADC_MCP3464.o
 .debug_macro   0x0000dc5d      0x17d ./Core/Src/ADC_MCP3464.o
 .debug_macro   0x0000ddda       0xd0 ./Core/Src/ADC_MCP3464.o
 .debug_macro   0x0000deaa       0x16 ./Core/Src/ADC_MCP3464.o
 .debug_macro   0x0000dec0       0x2a ./Core/Src/ADC_MCP3464.o
 .debug_macro   0x0000deea       0x68 ./Core/Src/ADC_MCP3464.o
 .debug_macro   0x0000df52      0x215 ./Core/Src/ADC_MCP3464.o
 .debug_macro   0x0000e167      0x11f ./Core/Src/ADC_MCP3464.o
 .debug_macro   0x0000e286       0x61 ./Core/Src/ADC_MCP3464.o
 .debug_macro   0x0000e2e7       0x24 ./Core/Src/ADC_MCP3464.o
 .debug_macro   0x0000e30b       0x43 ./Core/Src/ADC_MCP3464.o
 .debug_macro   0x0000e34e       0x34 ./Core/Src/ADC_MCP3464.o
 .debug_macro   0x0000e382       0x16 ./Core/Src/ADC_MCP3464.o
 .debug_macro   0x0000e398       0x43 ./Core/Src/ADC_MCP3464.o
 .debug_macro   0x0000e3db       0x34 ./Core/Src/ADC_MCP3464.o
 .debug_macro   0x0000e40f       0x10 ./Core/Src/ADC_MCP3464.o
 .debug_macro   0x0000e41f       0x58 ./Core/Src/ADC_MCP3464.o
 .debug_macro   0x0000e477       0x8e ./Core/Src/ADC_MCP3464.o
 .debug_macro   0x0000e505       0x1c ./Core/Src/ADC_MCP3464.o
 .debug_macro   0x0000e521      0x177 ./Core/Src/ADC_MCP3464.o
 .debug_macro   0x0000e698      0x369 ./Core/Src/ADC_MCP3464.o
 .debug_macro   0x0000ea01       0x10 ./Core/Src/ADC_MCP3464.o
 .debug_macro   0x0000ea11       0x35 ./Core/Src/ADC_MCP3464.o
 .debug_macro   0x0000ea46       0x20 ./Core/Src/ADC_MCP3464.o
 .debug_macro   0x0000ea66       0x58 ./Core/Src/ADC_MCP3464.o
 .debug_macro   0x0000eabe      0x385 ./Core/Src/ADC_MCP3464.o
 .debug_macro   0x0000ee43      0x2f5 ./Core/Src/IO_Expander.o
 .debug_macro   0x0000f138       0x7c ./Core/Src/IO_Expander.o
 .debug_macro   0x0000f1b4      0x2d9 ./Core/Src/SSD1306.o
 .debug_macro   0x0000f48d       0x34 ./Core/Src/SSD1306.o
 .debug_macro   0x0000f4c1       0x28 ./Core/Src/SSD1306.o
 .debug_macro   0x0000f4e9       0x40 ./Core/Src/SSD1306.o
 .debug_macro   0x0000f529      0x19b ./Core/Src/SSD1306.o
 .debug_macro   0x0000f6c4       0x16 ./Core/Src/SSD1306.o
 .debug_macro   0x0000f6da       0x16 ./Core/Src/SSD1306.o
 .debug_macro   0x0000f6f0       0x29 ./Core/Src/SSD1306.o
 .debug_macro   0x0000f719       0x16 ./Core/Src/SSD1306.o
 .debug_macro   0x0000f72f      0x204 ./Core/Src/SSD1306_fonts.o
 .debug_macro   0x0000f933      0x335 ./Core/Src/main.o
 .debug_macro   0x0000fc68       0x5e ./Core/Src/main.o
 .debug_macro   0x0000fcc6      0x391 ./Core/Src/main.o
 .debug_macro   0x00010057       0x40 ./Core/Src/main.o
 .debug_macro   0x00010097      0x2e6 ./Core/Src/stm32f0xx_hal_msp.o
 .debug_macro   0x0001037d      0x2f0 ./Core/Src/stm32f0xx_it.o
 .debug_macro   0x0001066d      0x1ae ./Core/Src/system_stm32f0xx.o
 .debug_macro   0x0001081b      0x1d2 ./Drivers/STM32F0xx_HAL_Driver/Src/stm32f0xx_hal.o
 .debug_macro   0x000109ed      0x1ae ./Drivers/STM32F0xx_HAL_Driver/Src/stm32f0xx_hal_cortex.o
 .debug_macro   0x00010b9b      0x1ae ./Drivers/STM32F0xx_HAL_Driver/Src/stm32f0xx_hal_dma.o
 .debug_macro   0x00010d49      0x1b5 ./Drivers/STM32F0xx_HAL_Driver/Src/stm32f0xx_hal_gpio.o
 .debug_macro   0x00010efe      0x27a ./Drivers/STM32F0xx_HAL_Driver/Src/stm32f0xx_hal_i2c.o
 .debug_macro   0x00011178      0x1ae ./Drivers/STM32F0xx_HAL_Driver/Src/stm32f0xx_hal_i2c_ex.o
 .debug_macro   0x00011326      0x1b6 ./Drivers/STM32F0xx_HAL_Driver/Src/stm32f0xx_hal_spi.o
 .debug_macro   0x000114dc      0x21d ./Drivers/STM32F0xx_HAL_Driver/Src/stm32f0xx_ll_utils.o

.debug_line     0x00000000    0x13cd6
 .debug_line    0x00000000      0xe6e ./Core/Src/ADC_MCP3464.o
 .debug_line    0x00000e6e      0xb28 ./Core/Src/IO_Expander.o
 .debug_line    0x00001996     0x15b2 ./Core/Src/SSD1306.o
 .debug_line    0x00002f48      0x830 ./Core/Src/SSD1306_fonts.o
 .debug_line    0x00003778     0x148b ./Core/Src/main.o
 .debug_line    0x00004c03      0xada ./Core/Src/stm32f0xx_hal_msp.o
 .debug_line    0x000056dd      0xa4c ./Core/Src/stm32f0xx_it.o
 .debug_line    0x00006129      0x7c6 ./Core/Src/system_stm32f0xx.o
 .debug_line    0x000068ef       0x8a ./Core/Startup/startup_stm32f030f4px.o
 .debug_line    0x00006979      0xaba ./Drivers/STM32F0xx_HAL_Driver/Src/stm32f0xx_hal.o
 .debug_line    0x00007433      0xaec ./Drivers/STM32F0xx_HAL_Driver/Src/stm32f0xx_hal_cortex.o
 .debug_line    0x00007f1f     0x1039 ./Drivers/STM32F0xx_HAL_Driver/Src/stm32f0xx_hal_dma.o
 .debug_line    0x00008f58      0xc2e ./Drivers/STM32F0xx_HAL_Driver/Src/stm32f0xx_hal_gpio.o
 .debug_line    0x00009b86     0x5b66 ./Drivers/STM32F0xx_HAL_Driver/Src/stm32f0xx_hal_i2c.o
 .debug_line    0x0000f6ec      0x946 ./Drivers/STM32F0xx_HAL_Driver/Src/stm32f0xx_hal_i2c_ex.o
 .debug_line    0x00010032     0x2f07 ./Drivers/STM32F0xx_HAL_Driver/Src/stm32f0xx_hal_spi.o
 .debug_line    0x00012f39      0xd9d ./Drivers/STM32F0xx_HAL_Driver/Src/stm32f0xx_ll_utils.o

.debug_str      0x00000000    0x61587
 .debug_str     0x00000000    0x5d0e8 ./Core/Src/ADC_MCP3464.o
                              0x5d62a (size before relaxing)
 .debug_str     0x0005d0e8      0x548 ./Core/Src/IO_Expander.o
                              0x5ca31 (size before relaxing)
 .debug_str     0x0005d630      0xf3d ./Core/Src/SSD1306.o
                              0x58bc1 (size before relaxing)
 .debug_str     0x0005e56d       0x44 ./Core/Src/SSD1306_fonts.o
                              0x54b5c (size before relaxing)
 .debug_str     0x0005e5b1      0x63c ./Core/Src/main.o
                              0x5e3cc (size before relaxing)
 .debug_str     0x0005ebed       0x9e ./Core/Src/stm32f0xx_hal_msp.o
                              0x5cbc4 (size before relaxing)
 .debug_str     0x0005ec8b       0xd1 ./Core/Src/stm32f0xx_it.o
                              0x5c6e3 (size before relaxing)
 .debug_str     0x0005ed5c       0x7b ./Core/Src/system_stm32f0xx.o
                              0x546f5 (size before relaxing)
 .debug_str     0x0005edd7       0x44 ./Core/Startup/startup_stm32f030f4px.o
                                 0x92 (size before relaxing)
 .debug_str     0x0005ee1b      0x348 ./Drivers/STM32F0xx_HAL_Driver/Src/stm32f0xx_hal.o
                              0x54c54 (size before relaxing)
 .debug_str     0x0005f163      0x18d ./Drivers/STM32F0xx_HAL_Driver/Src/stm32f0xx_hal_cortex.o
                              0x54a37 (size before relaxing)
 .debug_str     0x0005f2f0      0x24d ./Drivers/STM32F0xx_HAL_Driver/Src/stm32f0xx_hal_dma.o
                              0x54a9b (size before relaxing)
 .debug_str     0x0005f53d       0xda ./Drivers/STM32F0xx_HAL_Driver/Src/stm32f0xx_hal_gpio.o
                              0x54888 (size before relaxing)
 .debug_str     0x0005f617      0xdf2 ./Drivers/STM32F0xx_HAL_Driver/Src/stm32f0xx_hal_i2c.o
                              0x55a45 (size before relaxing)
 .debug_str     0x00060409       0x89 ./Drivers/STM32F0xx_HAL_Driver/Src/stm32f0xx_hal_i2c_ex.o
                              0x54c16 (size before relaxing)
 .debug_str     0x00060492      0x50d ./Drivers/STM32F0xx_HAL_Driver/Src/stm32f0xx_hal_spi.o
                              0x5505f (size before relaxing)
 .debug_str     0x0006099f      0xbe8 ./Drivers/STM32F0xx_HAL_Driver/Src/stm32f0xx_ll_utils.o
                              0x57cd6 (size before relaxing)

.comment        0x00000000       0x43
 .comment       0x00000000       0x43 ./Core/Src/ADC_MCP3464.o
                                 0x44 (size before relaxing)
 .comment       0x00000043       0x44 ./Core/Src/IO_Expander.o
 .comment       0x00000043       0x44 ./Core/Src/SSD1306.o
 .comment       0x00000043       0x44 ./Core/Src/SSD1306_fonts.o
 .comment       0x00000043       0x44 ./Core/Src/main.o
 .comment       0x00000043       0x44 ./Core/Src/stm32f0xx_hal_msp.o
 .comment       0x00000043       0x44 ./Core/Src/stm32f0xx_it.o
 .comment       0x00000043       0x44 ./Core/Src/system_stm32f0xx.o
 .comment       0x00000043       0x44 ./Drivers/STM32F0xx_HAL_Driver/Src/stm32f0xx_hal.o
 .comment       0x00000043       0x44 ./Drivers/STM32F0xx_HAL_Driver/Src/stm32f0xx_hal_cortex.o
 .comment       0x00000043       0x44 ./Drivers/STM32F0xx_HAL_Driver/Src/stm32f0xx_hal_dma.o
 .comment       0x00000043       0x44 ./Drivers/STM32F0xx_HAL_Driver/Src/stm32f0xx_hal_gpio.o
 .comment       0x00000043       0x44 ./Drivers/STM32F0xx_HAL_Driver/Src/stm32f0xx_hal_i2c.o
 .comment       0x00000043       0x44 ./Drivers/STM32F0xx_HAL_Driver/Src/stm32f0xx_hal_i2c_ex.o
 .comment       0x00000043       0x44 ./Drivers/STM32F0xx_HAL_Driver/Src/stm32f0xx_hal_spi.o
 .comment       0x00000043       0x44 ./Drivers/STM32F0xx_HAL_Driver/Src/stm32f0xx_ll_utils.o

.debug_frame    0x00000000     0x1c50
 .debug_frame   0x00000000      0x150 ./Core/Src/ADC_MCP3464.o
 .debug_frame   0x00000150       0xac ./Core/Src/IO_Expander.o
 .debug_frame   0x000001fc      0x2b8 ./Core/Src/SSD1306.o
 .debug_frame   0x000004b4       0x98 ./Core/Src/main.o
 .debug_frame   0x0000054c       0x8c ./Core/Src/stm32f0xx_hal_msp.o
 .debug_frame   0x000005d8       0x98 ./Core/Src/stm32f0xx_it.o
 .debug_frame   0x00000670       0x3c ./Core/Src/system_stm32f0xx.o
 .debug_frame   0x000006ac      0x1b4 ./Drivers/STM32F0xx_HAL_Driver/Src/stm32f0xx_hal.o
 .debug_frame   0x00000860       0xe0 ./Drivers/STM32F0xx_HAL_Driver/Src/stm32f0xx_hal_cortex.o
 .debug_frame   0x00000940      0x160 ./Drivers/STM32F0xx_HAL_Driver/Src/stm32f0xx_hal_dma.o
 .debug_frame   0x00000aa0       0xbc ./Drivers/STM32F0xx_HAL_Driver/Src/stm32f0xx_hal_gpio.o
 .debug_frame   0x00000b5c      0x888 ./Drivers/STM32F0xx_HAL_Driver/Src/stm32f0xx_hal_i2c.o
 .debug_frame   0x000013e4       0x78 ./Drivers/STM32F0xx_HAL_Driver/Src/stm32f0xx_hal_i2c_ex.o
 .debug_frame   0x0000145c      0x5b4 ./Drivers/STM32F0xx_HAL_Driver/Src/stm32f0xx_hal_spi.o
 .debug_frame   0x00001a10       0xc0 ./Drivers/STM32F0xx_HAL_Driver/Src/stm32f0xx_ll_utils.o
 .debug_frame   0x00001ad0       0x20 C:/ST/STM32CubeIDE_1.15.1/STM32CubeIDE/plugins/com.st.stm32cube.ide.mcu.externaltools.gnu-tools-for-stm32.12.3.rel1.win32_1.0.100.202403111256/tools/bin/../lib/gcc/arm-none-eabi/12.3.1/../../../../arm-none-eabi/lib/thumb/v6-m/nofp\libc_nano.a(libc_a-memset.o)
 .debug_frame   0x00001af0       0x2c C:/ST/STM32CubeIDE_1.15.1/STM32CubeIDE/plugins/com.st.stm32cube.ide.mcu.externaltools.gnu-tools-for-stm32.12.3.rel1.win32_1.0.100.202403111256/tools/bin/../lib/gcc/arm-none-eabi/12.3.1/../../../../arm-none-eabi/lib/thumb/v6-m/nofp\libc_nano.a(libc_a-init.o)
 .debug_frame   0x00001b1c       0x20 C:/ST/STM32CubeIDE_1.15.1/STM32CubeIDE/plugins/com.st.stm32cube.ide.mcu.externaltools.gnu-tools-for-stm32.12.3.rel1.win32_1.0.100.202403111256/tools/bin/../lib/gcc/arm-none-eabi/12.3.1/thumb/v6-m/nofp\libgcc.a(_udivsi3.o)
 .debug_frame   0x00001b3c       0x20 C:/ST/STM32CubeIDE_1.15.1/STM32CubeIDE/plugins/com.st.stm32cube.ide.mcu.externaltools.gnu-tools-for-stm32.12.3.rel1.win32_1.0.100.202403111256/tools/bin/../lib/gcc/arm-none-eabi/12.3.1/thumb/v6-m/nofp\libgcc.a(_divsi3.o)
 .debug_frame   0x00001b5c       0x38 C:/ST/STM32CubeIDE_1.15.1/STM32CubeIDE/plugins/com.st.stm32cube.ide.mcu.externaltools.gnu-tools-for-stm32.12.3.rel1.win32_1.0.100.202403111256/tools/bin/../lib/gcc/arm-none-eabi/12.3.1/thumb/v6-m/nofp\libgcc.a(divsf3.o)
 .debug_frame   0x00001b94       0x38 C:/ST/STM32CubeIDE_1.15.1/STM32CubeIDE/plugins/com.st.stm32cube.ide.mcu.externaltools.gnu-tools-for-stm32.12.3.rel1.win32_1.0.100.202403111256/tools/bin/../lib/gcc/arm-none-eabi/12.3.1/thumb/v6-m/nofp\libgcc.a(mulsf3.o)
 .debug_frame   0x00001bcc       0x38 C:/ST/STM32CubeIDE_1.15.1/STM32CubeIDE/plugins/com.st.stm32cube.ide.mcu.externaltools.gnu-tools-for-stm32.12.3.rel1.win32_1.0.100.202403111256/tools/bin/../lib/gcc/arm-none-eabi/12.3.1/thumb/v6-m/nofp\libgcc.a(subsf3.o)
 .debug_frame   0x00001c04       0x20 C:/ST/STM32CubeIDE_1.15.1/STM32CubeIDE/plugins/com.st.stm32cube.ide.mcu.externaltools.gnu-tools-for-stm32.12.3.rel1.win32_1.0.100.202403111256/tools/bin/../lib/gcc/arm-none-eabi/12.3.1/thumb/v6-m/nofp\libgcc.a(fixsfsi.o)
 .debug_frame   0x00001c24       0x2c C:/ST/STM32CubeIDE_1.15.1/STM32CubeIDE/plugins/com.st.stm32cube.ide.mcu.externaltools.gnu-tools-for-stm32.12.3.rel1.win32_1.0.100.202403111256/tools/bin/../lib/gcc/arm-none-eabi/12.3.1/thumb/v6-m/nofp\libgcc.a(floatsisf.o)
