../Core/Src/ADC_MCP3464.c:80:9:ADC_Incremental_Write	16	static
../Core/Src/ADC_MCP3464.c:36:9:ADC_Init	8	static
../Core/Src/ADC_MCP3464.c:355:10:ADC_Static_Read	40	static
../Core/Src/ADC_MCP3464.c:398:6:ADC_Start_Conversion	16	static
../Core/Src/ADC_MCP3464.c:426:6:ADC_Standby	16	static
../Core/Src/ADC_MCP3464.c:451:6:ADC_Shutdown	16	static
../Core/Src/ADC_MCP3464.c:476:6:ADC_Full_Shutdown	16	static
../Core/Src/ADC_MCP3464.c:501:6:ADC_Full_Reset	16	static
../Core/Src/ADC_MCP3464.c:526:9:ADC_Get_Status_Byte	32	static
../Core/Src/ADC_MCP3464.c:558:9:ADC_Check_Errors	0	static
../Core/Src/ADC_MCP3464.c:614:6:ADC_Proccess_Data	8	static
../Core/Src/ADC_MCP3464.c:588:7:ADC_Get_Measured_DATA	24	static
